21:42:21 **** Incremental Build of configuration Debug for project car ****
make -j4 all 
arm-none-eabi-gcc "../Core/Src/main.c" -mcpu=cortex-m4 -std=gnu11 -g3 -DDEBUG -DUSE_HAL_DRIVER -DSTM32F407xx -c -I../Core/Inc -I../Drivers/STM32F4xx_HAL_Driver/Inc -I../Drivers/STM32F4xx_HAL_Driver/Inc/Legacy -I../Drivers/CMSIS/Device/ST/STM32F4xx/Include -I../Drivers/CMSIS/Include -O0 -ffunction-sections -fdata-sections -Wall -fstack-usage -MMD -MP -MF"Core/Src/main.d" -MT"Core/Src/main.o" --specs=nano.specs -mfpu=fpv4-sp-d16 -mfloat-abi=hard -mthumb -o "Core/Src/main.o"
arm-none-eabi-gcc -o "car.elf" @"objects.list"   -mcpu=cortex-m4 -T"C:\Users\CYBER\Desktop\robot car stm32\car\STM32F407VGTX_FLASH.ld" --specs=nosys.specs -Wl,-Map="car.map" -Wl,--gc-sections -static --specs=nano.specs -mfpu=fpv4-sp-d16 -mfloat-abi=hard -mthumb -Wl,--start-group -lc -lm -Wl,--end-group
Finished building target: car.elf
 
arm-none-eabi-size   car.elf 
arm-none-eabi-objdump -h -S  car.elf  > "car.list"
arm-none-eabi-objcopy  -O binary  car.elf  "car.bin"
   text	   data	    bss	    dec	    hex	filename
   7572	     20	   1644	   9236	   2414	car.elf
Finished building: default.size.stdout
 
Finished building: car.bin
 
Finished building: car.list
 

21:42:22 Build Finished. 0 errors, 0 warnings. (took 656ms)

